// Jest Snapshot v1, https://goo.gl/fbAQLP

exports[`Popup should render correctly 1`] = `
<div
  className="popupContainer"
>
  <default_1
    title="Import Mnemonic"
  />
  <default_1
    onChange={[Function]}
  />
  <Input />
  <Input />
  <WithStyles(ForwardRef(Button))
    className="makeStyles-root-1"
    color="primary"
  >
    Import
  </WithStyles(ForwardRef(Button))>
</div>
`;
