// Jest Snapshot v1, https://goo.gl/fbAQLP

exports[`Popup should render correctly 1`] = `
<div
  className="makeStyles-container-1"
>
  <default_1
    testId="address-title"
    title="Address"
  />
  <div
    className="address"
  >
    address info
  </div>
</div>
`;
